// Jest Snapshot v1, https://goo.gl/fbAQLP

exports[`MessageField component should render field 1`] = `
<div>
  <form
    onSubmit={[Function]}
  >
    <input />
    <button>
      Add Message
    </button>
  </form>
</div>
`;
